// Jest Snapshot v1, https://goo.gl/fbAQLP

exports[`postgres should check the generated indexes: indexList 1`] = `
Array [
  "PK_865a0f2e22c140d261b1df80eb1",
  "board_created_by_key",
  "board_is_private_key",
  "board_name_key",
  "board_owner_key",
  "board_updated_by_key",
]
`;
