// Jest Snapshot v1, https://goo.gl/fbAQLP

exports[`filter processFilterLevel should throw if exact match operators is used with another operator on the same attribute 1`] = `"Cannot combine 'exact match' operator with other operators on attribute 'firstName' used in filter"`;

exports[`filter processFilterLevel should throw if exact match operators is used with another operator on the same attribute 2`] = `"Cannot combine 'exact match' operator with other operators on attribute 'firstName' used in filter"`;

exports[`filter processFilterLevel should throw if invalid attributes are used in filter 1`] = `"Unknown attribute name 'something' used in filter"`;

exports[`filter processFilterLevel should throw if invalid attributes are used in filter 2`] = `"Unknown attribute name 'anything_here' used in filter"`;

exports[`filter processFilterLevel should throw if invalid attributes are used in filter 3`] = `"Unknown attribute name 'anything_here' used in filter at 'just.here'"`;

exports[`filter processFilterLevel should throw if invalid operators are used in filter 1`] = `"Unknown or incompatible operator 'ends_with' used on 'isActive' in filter"`;

exports[`filter processFilterLevel should throw if invalid operators are used in filter 2`] = `"Unknown or incompatible operator 'anything' used on 'firstName' in filter"`;

exports[`filter processFilterLevel should throw if provided params are invalid 1`] = `"filter needs to be an object of filter criteria"`;

exports[`filter processFilterLevel should throw if provided params are invalid 2`] = `"optional path in processFilterLevel() needs to be an array"`;

exports[`filter processFilterLevel should throw if provided params are invalid 3`] = `"filter at 'somewhere' needs to be an object of filter criteria"`;

exports[`filter processFilterLevel should throw if provided params are invalid 4`] = `"filter at 'somewhere.deeply.nested' needs to be an object of filter criteria"`;

exports[`filter processFilterLevel should throw if provided params are invalid 5`] = `"processFilterLevel() expects an attribute map"`;

exports[`filter splitAttributeAndFilterOperator should fail on wrong inputs 1`] = `"invalid filter 'undefined'"`;

exports[`filter splitAttributeAndFilterOperator should fail on wrong inputs 2`] = `"invalid filter ''"`;

exports[`filter splitAttributeAndFilterOperator should fail on wrong inputs 3`] = `"invalid filter '[object Object]'"`;

exports[`filter splitAttributeAndFilterOperator should fail on wrong inputs 4`] = `"invalid filter 'name__'"`;

exports[`filter splitAttributeAndFilterOperator should fail on wrong inputs 5`] = `"invalid filter 'name___'"`;
