// Jest Snapshot v1, https://goo.gl/fbAQLP

exports[`postgres should check the generated indexes: indexList 1`] = `
Array [
  Object {
    "indexname": "PK_865a0f2e22c140d261b1df80eb1",
    "unique": true,
  },
  Object {
    "indexname": "board_created_by_117dbb19db_key",
    "unique": false,
  },
  Object {
    "indexname": "board_is_private_e34a1f4ba1_key",
    "unique": false,
  },
  Object {
    "indexname": "board_name_82a3537ff0_key",
    "unique": true,
  },
  Object {
    "indexname": "board_owner_4c1029697e_key",
    "unique": false,
  },
  Object {
    "indexname": "board_updated_by_d9a2ae5845_key",
    "unique": false,
  },
  Object {
    "indexname": "board_vip_f9505a739a_key",
    "unique": true,
  },
]
`;
