// Jest Snapshot v1, https://goo.gl/fbAQLP

exports[`DataTypeUser isDataTypeUser should recognize non-DataTypeUser objects 1`] = `"Not a DataType object"`;
