// Jest Snapshot v1, https://goo.gl/fbAQLP

exports[`ShadowEntity attributes should catch invalid attribute names 1`] = `"Invalid attribute name 'wrong-named-attribute' in shadow entity 'ShadowViewEntityName' (Regex: /^[a-zA-Z][a-zA-Z0-9_]*$/)"`;

exports[`ShadowEntity attributes should reject attributes with missing or invalid data type 1`] = `"'ShadowViewEntityName.someAttribute' has invalid data type 'undefined'"`;

exports[`ShadowEntity isShadowEntity should recognize non-ShadowEntity objects 1`] = `"Not a ShadowEntity object"`;

exports[`ShadowEntity references should throw if invalid attribute is to be referenced 1`] = `"Cannot reference attribute 'Country.notHere' as it does not exist"`;

exports[`ShadowEntity should accept only maps or functions as attributes definition 1`] = `"'attributes' for shadow entity 'Example' needs to be a map of attributes"`;

exports[`ShadowEntity should have a name 1`] = `"Missing shadow entity name"`;

exports[`ShadowEntity should reject non-map results of attribute definition functions 1`] = `"Attribute definition function for shadow entity 'Example' does not return a map"`;

exports[`ShadowEntity should throw if invalid storage type was provided 1`] = `"ShadowEntity 'Example' needs a valid storage type (defaults to 'StorageTypeNull')"`;
